<?xml version="1.0" encoding="UTF-8"?>
<map:map xmlns:map="http://www.indy.com/v2/map" id="_-HunMEj3Ee-rxcUE0wMtag" internalVersion="8" tech="resource.tech#_waYSMH8VEd2__Mzb_dB76A?fileId=_waYSMH8VEd2__Mzb_dB76A$type=tech$name=flow?">
  <datastore id="_Jq5fYD7pEfGCvs4hR2TxhA" alias="T_PHONE" dataset="_JrEegD7pEfGCvs4hR2TxhA" ref="resource.md#_HhlpgT7pEfGCvs4hR2TxhA?fileId=_EKM28D7pEfGCvs4hR2TxhA$type=md$name=T_PHONE?">
    <field id="_JrA0ID7pEfGCvs4hR2TxhA" fullAlias="PHT_CODE" name="PHT_CODE" ref="resource.md#_HhpT6D7pEfGCvs4hR2TxhA?fileId=_EKM28D7pEfGCvs4hR2TxhA$type=md$name=PHT_CODE?"/>
    <field id="_JrANED7pEfGCvs4hR2TxhA" fullAlias="CUS_ID" name="CUS_ID" ref="resource.md#_HhpT4D7pEfGCvs4hR2TxhA?fileId=_EKM28D7pEfGCvs4hR2TxhA$type=md$name=CUS_ID?"/>
    <field id="_Jq--8D7pEfGCvs4hR2TxhA" name="PHO_ID" ref="resource.md#_Hhos0D7pEfGCvs4hR2TxhA?fileId=_EKM28D7pEfGCvs4hR2TxhA$type=md$name=PHO_ID?" updateKey="true"/>
    <field id="_JrBbMD7pEfGCvs4hR2TxhA" name="PHO_PHONING_ALLOWED" ref="resource.md#_HhpT9j7pEfGCvs4hR2TxhA?fileId=_EKM28D7pEfGCvs4hR2TxhA$type=md$name=PHO_PHONING_ALLOWED?"/>
    <field id="_JrA0IT7pEfGCvs4hR2TxhA" name="PHO_NUMBER" ref="resource.md#_HhpT7z7pEfGCvs4hR2TxhA?fileId=_EKM28D7pEfGCvs4hR2TxhA$type=md$name=PHO_NUMBER?"/>
    <constraint id="_JrCCQD7pEfGCvs4hR2TxhA" name="FK_PHONE_PHONE_TYPE" ref="resource.md#_HiXsoD7pEfGCvs4hR2TxhA?fileId=_EKM28D7pEfGCvs4hR2TxhA$type=md$name=FK_PHONE_PHONE_TYPE?" reject="true"/>
    <constraint id="_JrCCQT7pEfGCvs4hR2TxhA" name="PK_T_PHONE" ref="resource.md#_HhqiAD7pEfGCvs4hR2TxhA?fileId=_EKM28D7pEfGCvs4hR2TxhA$type=md$name=PK_T_PHONE?" reject="true"/>
    <constraint id="_JrCCQj7pEfGCvs4hR2TxhA" name="FK_PHONE_CUSTOMER" ref="resource.md#_HiXFkD7pEfGCvs4hR2TxhA?fileId=_EKM28D7pEfGCvs4hR2TxhA$type=md$name=FK_PHONE_CUSTOMER?" reject="true"/>
  </datastore>
  <datastore id="_J5RSkD7pEfGCvs4hR2TxhA" alias="T_PHONE_TYPE" dataset="_JrEegD7pEfGCvs4hR2TxhA" ref="resource.md#_HhF6QT7pEfGCvs4hR2TxhA?fileId=_EKM28D7pEfGCvs4hR2TxhA$type=md$name=T_PHONE_TYPE?">
    <field id="_J5R5oD7pEfGCvs4hR2TxhA" fullAlias="PHT_NAME" name="PHT_NAME" ref="resource.md#_HhJkoD7pEfGCvs4hR2TxhA?fileId=_EKM28D7pEfGCvs4hR2TxhA$type=md$name=PHT_NAME?"/>
    <field id="_J5RSkj7pEfGCvs4hR2TxhA" fullAlias="PHT_CODE" name="PHT_CODE" ref="resource.md#_HhI9kD7pEfGCvs4hR2TxhA?fileId=_EKM28D7pEfGCvs4hR2TxhA$type=md$name=PHT_CODE?" updateKey="true"/>
    <constraint id="_J5SgsD7pEfGCvs4hR2TxhA" name="PK_T_PHONE_TYPE" ref="resource.md#_HhLZ0D7pEfGCvs4hR2TxhA?fileId=_EKM28D7pEfGCvs4hR2TxhA$type=md$name=PK_T_PHONE_TYPE?" reject="true"/>
  </datastore>
  <datastore id="_KJjKQD7pEfGCvs4hR2TxhA" alias="T_CUSTOMER" dataset="_JrEegD7pEfGCvs4hR2TxhA" ref="resource.md#_HhSHgT7pEfGCvs4hR2TxhA?fileId=_EKM28D7pEfGCvs4hR2TxhA$type=md$name=T_CUSTOMER?">
    <field id="_KJmNkD7pEfGCvs4hR2TxhA" fullAlias="TIT_CODE" name="TIT_CODE" ref="resource.md#_HhVK2D7pEfGCvs4hR2TxhA?fileId=_EKM28D7pEfGCvs4hR2TxhA$type=md$name=TIT_CODE?"/>
    <field id="_KJm0oD7pEfGCvs4hR2TxhA" name="CUS_LAST_NAME" ref="resource.md#_HhVx4D7pEfGCvs4hR2TxhA?fileId=_EKM28D7pEfGCvs4hR2TxhA$type=md$name=CUS_LAST_NAME?"/>
    <field id="_KJoCwD7pEfGCvs4hR2TxhA" name="CUS_FIRST_NAME" ref="resource.md#_HhVx5z7pEfGCvs4hR2TxhA?fileId=_EKM28D7pEfGCvs4hR2TxhA$type=md$name=CUS_FIRST_NAME?"/>
    <field id="_KJop0D7pEfGCvs4hR2TxhA" name="CUS_COMPANY" ref="resource.md#_HhWY8D7pEfGCvs4hR2TxhA?fileId=_EKM28D7pEfGCvs4hR2TxhA$type=md$name=CUS_COMPANY?"/>
    <field id="_KJkYYD7pEfGCvs4hR2TxhA" fullAlias="CUS_ID" name="CUS_ID" ref="resource.md#_HhVK0D7pEfGCvs4hR2TxhA?fileId=_EKM28D7pEfGCvs4hR2TxhA$type=md$name=CUS_ID?" updateKey="true"/>
    <field id="_KJp38D7pEfGCvs4hR2TxhA" name="CUS_BIRTH_DATE" ref="resource.md#_HhWY9z7pEfGCvs4hR2TxhA?fileId=_EKM28D7pEfGCvs4hR2TxhA$type=md$name=CUS_BIRTH_DATE?"/>
    <constraint id="_KJqfAD7pEfGCvs4hR2TxhA" name="PK_T_CUSTOMER" ref="resource.md#_HhY1MD7pEfGCvs4hR2TxhA?fileId=_EKM28D7pEfGCvs4hR2TxhA$type=md$name=PK_T_CUSTOMER?" reject="true"/>
    <constraint id="_KJqfAT7pEfGCvs4hR2TxhA" name="FK_CUSTOMER_TITLE" ref="resource.md#_HiUpUD7pEfGCvs4hR2TxhA?fileId=_EKM28D7pEfGCvs4hR2TxhA$type=md$name=FK_CUSTOMER_TITLE?" reject="true"/>
  </datastore>
  <datastore id="_MEZGUD7pEfGCvs4hR2TxhA" alias="T_EMAIL" dataset="_JrEegD7pEfGCvs4hR2TxhA" ref="resource.md#_HhMA4T7pEfGCvs4hR2TxhA?fileId=_EKM28D7pEfGCvs4hR2TxhA$type=md$name=T_EMAIL?">
    <field id="_MEel4D7pEfGCvs4hR2TxhA" name="EML_MAILING_ALLOWED" ref="resource.md#_HhPrVj7pEfGCvs4hR2TxhA?fileId=_EKM28D7pEfGCvs4hR2TxhA$type=md$name=EML_MAILING_ALLOWED?"/>
    <field id="_MEdXwD7pEfGCvs4hR2TxhA" fullAlias="EML_TYPE" name="EML_TYPE" ref="resource.md#_HhPrTz7pEfGCvs4hR2TxhA?fileId=_EKM28D7pEfGCvs4hR2TxhA$type=md$name=EML_TYPE?"/>
    <field id="_MEbikD7pEfGCvs4hR2TxhA" fullAlias="CUS_ID" name="CUS_ID" ref="resource.md#_HhPrQD7pEfGCvs4hR2TxhA?fileId=_EKM28D7pEfGCvs4hR2TxhA$type=md$name=CUS_ID?"/>
    <field id="_MEcwsD7pEfGCvs4hR2TxhA" name="EML_ADDRESS" ref="resource.md#_HhPrSD7pEfGCvs4hR2TxhA?fileId=_EKM28D7pEfGCvs4hR2TxhA$type=md$name=EML_ADDRESS?"/>
    <field id="_MEa7gD7pEfGCvs4hR2TxhA" name="EML_ID" ref="resource.md#_HhPEMD7pEfGCvs4hR2TxhA?fileId=_EKM28D7pEfGCvs4hR2TxhA$type=md$name=EML_ID?" updateKey="true"/>
    <constraint id="_MEel4T7pEfGCvs4hR2TxhA" name="PK_T_EMAIL" ref="resource.md#_HhQ5YD7pEfGCvs4hR2TxhA?fileId=_EKM28D7pEfGCvs4hR2TxhA$type=md$name=PK_T_EMAIL?" reject="true"/>
    <constraint id="_MEfM8D7pEfGCvs4hR2TxhA" name="FK_EMAIL_CUSTOMER" ref="resource.md#_HiSNED7pEfGCvs4hR2TxhA?fileId=_EKM28D7pEfGCvs4hR2TxhA$type=md$name=FK_EMAIL_CUSTOMER?" reject="true"/>
  </datastore>
  <datastore id="_MvvwcD7pEfGCvs4hR2TxhA" alias="T_BILLING" dataset="_JrEegD7pEfGCvs4hR2TxhA" ref="resource.md#_Hh06ED7pEfGCvs4hR2TxhA?fileId=_EKM28D7pEfGCvs4hR2TxhA$type=md$name=T_BILLING?">
    <field id="_MvyMsD7pEfGCvs4hR2TxhA" fullAlias="BIL_ID" name="BIL_ID" ref="resource.md#_Hh39YD7pEfGCvs4hR2TxhA?fileId=_EKM28D7pEfGCvs4hR2TxhA$type=md$name=BIL_ID?" updateKey="true"/>
    <field id="_Mvza0D7pEfGCvs4hR2TxhA" fullAlias="CUS_ID" name="CUS_ID" ref="resource.md#_Hh4kcD7pEfGCvs4hR2TxhA?fileId=_EKM28D7pEfGCvs4hR2TxhA$type=md$name=CUS_ID?"/>
    <field id="_Mv0B4D7pEfGCvs4hR2TxhA" name="PMT_CODE" ref="resource.md#_Hh4keD7pEfGCvs4hR2TxhA?fileId=_EKM28D7pEfGCvs4hR2TxhA$type=md$name=PMT_CODE?"/>
    <field id="_Mv13ED7pEfGCvs4hR2TxhA" name="BIL_PMT_DATE" ref="resource.md#_Hh5LjT7pEfGCvs4hR2TxhA?fileId=_EKM28D7pEfGCvs4hR2TxhA$type=md$name=BIL_PMT_DATE?"/>
    <field id="_Mv1QAD7pEfGCvs4hR2TxhA" name="BIL_DATE" ref="resource.md#_Hh5Lhj7pEfGCvs4hR2TxhA?fileId=_EKM28D7pEfGCvs4hR2TxhA$type=md$name=BIL_DATE?"/>
    <constraint id="_Mv2eID7pEfGCvs4hR2TxhA" name="FK_BILLING_PAYMENT" ref="resource.md#_Hib-FD7pEfGCvs4hR2TxhA?fileId=_EKM28D7pEfGCvs4hR2TxhA$type=md$name=FK_BILLING_PAYMENT?" reject="true"/>
    <constraint id="_Mv2eIT7pEfGCvs4hR2TxhA" name="FK_BILLING_CUSTOMER" ref="resource.md#_Hib-ED7pEfGCvs4hR2TxhA?fileId=_EKM28D7pEfGCvs4hR2TxhA$type=md$name=FK_BILLING_CUSTOMER?" reject="true"/>
    <constraint id="_Mv2eIj7pEfGCvs4hR2TxhA" name="PK_T_BILLING" ref="resource.md#_Hh6ZoD7pEfGCvs4hR2TxhA?fileId=_EKM28D7pEfGCvs4hR2TxhA$type=md$name=PK_T_BILLING?" reject="true"/>
  </datastore>
  <datastore id="_NCmbAD7pEfGCvs4hR2TxhA" alias="T_BILLING_LINES" dataset="_JrEegD7pEfGCvs4hR2TxhA" ref="resource.md#_HgxKIT7pEfGCvs4hR2TxhA?fileId=_EKM28D7pEfGCvs4hR2TxhA$type=md$name=T_BILLING_LINES?">
    <field id="_NCo3QD7pEfGCvs4hR2TxhA" fullAlias="BIL_ID" name="BIL_ID" ref="resource.md#_Hg2CoD7pEfGCvs4hR2TxhA?fileId=_EKM28D7pEfGCvs4hR2TxhA$type=md$name=BIL_ID?"/>
    <field id="_NCnpID7pEfGCvs4hR2TxhA" name="BLL_ID" ref="resource.md#_Hg1bkD7pEfGCvs4hR2TxhA?fileId=_EKM28D7pEfGCvs4hR2TxhA$type=md$name=BLL_ID?" updateKey="true"/>
    <field id="_NCpeUD7pEfGCvs4hR2TxhA" name="BLL_QTY" ref="resource.md#_Hg2CqD7pEfGCvs4hR2TxhA?fileId=_EKM28D7pEfGCvs4hR2TxhA$type=md$name=BLL_QTY?"/>
    <field id="_NCshoD7pEfGCvs4hR2TxhA" fullAlias="BDR_ID" name="BDR_ID" ref="resource.md#_Hg330D7pEfGCvs4hR2TxhA?fileId=_EKM28D7pEfGCvs4hR2TxhA$type=md$name=BDR_ID?"/>
    <field id="_NCqFYT7pEfGCvs4hR2TxhA" name="BLL_DISCOUNT_AMOUNT" ref="resource.md#_Hg2ptT7pEfGCvs4hR2TxhA?fileId=_EKM28D7pEfGCvs4hR2TxhA$type=md$name=BLL_DISCOUNT_AMOUNT?"/>
    <field id="_NCr6kD7pEfGCvs4hR2TxhA" name="BLL_TYPE" ref="resource.md#_Hg3QwD7pEfGCvs4hR2TxhA?fileId=_EKM28D7pEfGCvs4hR2TxhA$type=md$name=BLL_TYPE?"/>
    <field id="_NCqFYD7pEfGCvs4hR2TxhA" name="BLL_DISCOUNT_RATE" ref="resource.md#_Hg2Crz7pEfGCvs4hR2TxhA?fileId=_EKM28D7pEfGCvs4hR2TxhA$type=md$name=BLL_DISCOUNT_RATE?"/>
    <field id="_NCqscD7pEfGCvs4hR2TxhA" name="BLL_AMOUNT" ref="resource.md#_Hg2pvT7pEfGCvs4hR2TxhA?fileId=_EKM28D7pEfGCvs4hR2TxhA$type=md$name=BLL_AMOUNT?"/>
    <constraint id="_NCtIsD7pEfGCvs4hR2TxhA" name="FK_BILLING_LINES_BEDROOM" ref="resource.md#_HiN7oD7pEfGCvs4hR2TxhA?fileId=_EKM28D7pEfGCvs4hR2TxhA$type=md$name=FK_BILLING_LINES_BEDROOM?" reject="true"/>
    <constraint id="_NCtIsT7pEfGCvs4hR2TxhA" name="PK_T_BILLING_LINES" ref="resource.md#_Hg5tAD7pEfGCvs4hR2TxhA?fileId=_EKM28D7pEfGCvs4hR2TxhA$type=md$name=PK_T_BILLING_LINES?" reject="true"/>
    <constraint id="_NCtIsj7pEfGCvs4hR2TxhA" name="FK_BILLING_LINES_BILLING" ref="resource.md#_HiOisD7pEfGCvs4hR2TxhA?fileId=_EKM28D7pEfGCvs4hR2TxhA$type=md$name=FK_BILLING_LINES_BILLING?" reject="true"/>
  </datastore>
  <datastore id="_QLdCUD7pEfGCvs4hR2TxhA" alias="DIM_CUSTOMER" dataset="_QLllMD7pEfGCvs4hR2TxhA" ref="resource.md#_VgccPD7nEfGCvs4hR2TxhA?fileId=_buPYkAGqEfG7UuvkN5pRZQ$type=md$name=DIM_CUSTOMER?" subExpression="[A]">
    <field id="_QLjI8D7pEfGCvs4hR2TxhA" enable="true" insert="true" name="CUS_COMPANY" ref="resource.md#_VgccVT7nEfGCvs4hR2TxhA?fileId=_buPYkAGqEfG7UuvkN5pRZQ$type=md$name=CUS_COMPANY?" update="true">
      <expression id="_QtsMsD7pEfGCvs4hR2TxhA" setDescriptorRef="_QtmtID7pEfGCvs4hR2TxhA">
        <expression>T_EMAIL.EML_TYPE</expression>
      </expression>
    </field>
    <field id="_QLjwAD7pEfGCvs4hR2TxhA" enable="true" insert="true" name="GEO_KEY_ID" ref="resource.md#_VgccXD7nEfGCvs4hR2TxhA?fileId=_buPYkAGqEfG7UuvkN5pRZQ$type=md$name=GEO_KEY_ID?" update="true">
      <expression id="_QtszwD7pEfGCvs4hR2TxhA" setDescriptorRef="_QtmtID7pEfGCvs4hR2TxhA">
        <expression>T_BILLING_LINES.BDR_ID</expression>
      </expression>
    </field>
    <field id="_QLfekT7pEfGCvs4hR2TxhA" enable="true" insert="true" name="CUS_ID" ref="resource.md#_VgccPz7nEfGCvs4hR2TxhA?fileId=_buPYkAGqEfG7UuvkN5pRZQ$type=md$name=CUS_ID?" update="true" updateKey="true">
      <expression id="_Qtta0D7pEfGCvs4hR2TxhA" setDescriptorRef="_QtmtID7pEfGCvs4hR2TxhA">
        <expression>T_CUSTOMER.CUS_ID</expression>
      </expression>
    </field>
    <field id="_QLhTwD7pEfGCvs4hR2TxhA" name="CUS_TITLE" ref="resource.md#_VgccRz7nEfGCvs4hR2TxhA?fileId=_buPYkAGqEfG7UuvkN5pRZQ$type=md$name=CUS_TITLE?">
      <expression id="_Qtta0T7pEfGCvs4hR2TxhA" setDescriptorRef="_QtmtID7pEfGCvs4hR2TxhA">
        <expression></expression>
      </expression>
    </field>
    <field id="_QLkXED7pEfGCvs4hR2TxhA" name="UPDATE_DATE" ref="resource.md#_VgccbD7nEfGCvs4hR2TxhA?fileId=_buPYkAGqEfG7UuvkN5pRZQ$type=md$name=UPDATE_DATE?">
      <expression id="_Qtta0j7pEfGCvs4hR2TxhA" setDescriptorRef="_QtmtID7pEfGCvs4hR2TxhA">
        <expression></expression>
      </expression>
    </field>
    <field id="_QLjwAT7pEfGCvs4hR2TxhA" name="CUS_VIP" ref="resource.md#_VgccZD7nEfGCvs4hR2TxhA?fileId=_buPYkAGqEfG7UuvkN5pRZQ$type=md$name=CUS_VIP?">
      <expression id="_QtuB4D7pEfGCvs4hR2TxhA" setDescriptorRef="_QtmtID7pEfGCvs4hR2TxhA">
        <expression></expression>
      </expression>
    </field>
    <field id="_QLh60D7pEfGCvs4hR2TxhA" enable="true" insert="true" name="CUS_NAME" ref="resource.md#_VgccTj7nEfGCvs4hR2TxhA?fileId=_buPYkAGqEfG7UuvkN5pRZQ$type=md$name=CUS_NAME?" update="true">
      <expression id="_QtuB4T7pEfGCvs4hR2TxhA" setDescriptorRef="_QtmtID7pEfGCvs4hR2TxhA">
        <expression>T_PHONE_TYPE.PHT_NAME</expression>
      </expression>
    </field>
    <constraint id="_QLkXET7pEfGCvs4hR2TxhA" name="PK_DIM_CUSTOMER" ref="resource.md#_Vgcccz7nEfGCvs4hR2TxhA?fileId=_buPYkAGqEfG7UuvkN5pRZQ$type=md$name=PK_DIM_CUSTOMER?" reject="true"/>
    <constraint id="_QLk-ID7pEfGCvs4hR2TxhA" name="FK_DIM_CUSTOMER_GEO" ref="resource.md#_Vgccdj7nEfGCvs4hR2TxhA?fileId=_buPYkAGqEfG7UuvkN5pRZQ$type=md$name=FK_DIM_CUSTOMER_GEO?" reject="true"/>
    <setDescriptor id="_QtmtID7pEfGCvs4hR2TxhA" label="A"/>
  </datastore>
  <datastore id="_v6fKcD7qEfGCvs4hR2TxhA" alias="T_BEDROOM" dataset="_JrEegD7pEfGCvs4hR2TxhA" ref="resource.md#_HhrwIT7pEfGCvs4hR2TxhA?fileId=_EKM28D7pEfGCvs4hR2TxhA$type=md$name=T_BEDROOM?">
    <field id="_v6qJkD7qEfGCvs4hR2TxhA" name="BDR_BAR" ref="resource.md#_HhwotT7pEfGCvs4hR2TxhA?fileId=_EKM28D7pEfGCvs4hR2TxhA$type=md$name=BDR_BAR?"/>
    <field id="_v6rXsD7qEfGCvs4hR2TxhA" name="BDR_PHONE_NUMBER" ref="resource.md#_HhxPsD7pEfGCvs4hR2TxhA?fileId=_EKM28D7pEfGCvs4hR2TxhA$type=md$name=BDR_PHONE_NUMBER?"/>
    <field id="_v6nGQD7qEfGCvs4hR2TxhA" name="BDR_FLOOR" ref="resource.md#_HhwooD7pEfGCvs4hR2TxhA?fileId=_EKM28D7pEfGCvs4hR2TxhA$type=md$name=BDR_FLOOR?"/>
    <field id="_v6o7cD7qEfGCvs4hR2TxhA" name="BDR_SHOWER" ref="resource.md#_Hhworj7pEfGCvs4hR2TxhA?fileId=_EKM28D7pEfGCvs4hR2TxhA$type=md$name=BDR_SHOWER?"/>
    <field id="_v6l4ID7qEfGCvs4hR2TxhA" name="BDR_NUMBER" ref="resource.md#_HhwBmD7pEfGCvs4hR2TxhA?fileId=_EKM28D7pEfGCvs4hR2TxhA$type=md$name=BDR_NUMBER?"/>
    <field id="_v6qJkT7qEfGCvs4hR2TxhA" name="BDR_BED_COUNT" ref="resource.md#_HhwovD7pEfGCvs4hR2TxhA?fileId=_EKM28D7pEfGCvs4hR2TxhA$type=md$name=BDR_BED_COUNT?"/>
    <field id="_v6oUYD7qEfGCvs4hR2TxhA" name="BDR_BATH" ref="resource.md#_Hhwopz7pEfGCvs4hR2TxhA?fileId=_EKM28D7pEfGCvs4hR2TxhA$type=md$name=BDR_BATH?"/>
    <field id="_v6r-wD7qEfGCvs4hR2TxhA" name="BDR_TYPE" ref="resource.md#_HhxPtz7pEfGCvs4hR2TxhA?fileId=_EKM28D7pEfGCvs4hR2TxhA$type=md$name=BDR_TYPE?"/>
    <field id="_v6jb4T7qEfGCvs4hR2TxhA" fullAlias="BDR_ID" name="BDR_ID" ref="resource.md#_HhwBkD7pEfGCvs4hR2TxhA?fileId=_EKM28D7pEfGCvs4hR2TxhA$type=md$name=BDR_ID?" updateKey="true"/>
    <constraint id="_v6tM4D7qEfGCvs4hR2TxhA" name="PK_T_BEDROOM" ref="resource.md#_HhzE4D7pEfGCvs4hR2TxhA?fileId=_EKM28D7pEfGCvs4hR2TxhA$type=md$name=PK_T_BEDROOM?" reject="true"/>
  </datastore>
  <datastore id="_xKINYD7qEfGCvs4hR2TxhA" alias="DIM_DISCOUNT" dataset="_xKO7ED7qEfGCvs4hR2TxhA" ref="resource.md#_Vgb2Mz7nEfGCvs4hR2TxhA?fileId=_buPYkAGqEfG7UuvkN5pRZQ$type=md$name=DIM_DISCOUNT?" subExpression="[A]">
    <field id="_xKLQsD7qEfGCvs4hR2TxhA" name="DIS_MIN" ref="resource.md#_Vgb2PT7nEfGCvs4hR2TxhA?fileId=_buPYkAGqEfG7UuvkN5pRZQ$type=md$name=DIS_MIN?">
      <expression id="_xvzGQD7qEfGCvs4hR2TxhA" setDescriptorRef="_xvyfMD7qEfGCvs4hR2TxhA">
        <expression></expression>
      </expression>
    </field>
    <field id="_xKJbgD7qEfGCvs4hR2TxhA" enable="true" insert="true" name="DIS_RANGE" ref="resource.md#_Vgb2Nj7nEfGCvs4hR2TxhA?fileId=_buPYkAGqEfG7UuvkN5pRZQ$type=md$name=DIS_RANGE?" update="true" updateKey="true">
      <expression id="_xvzGQT7qEfGCvs4hR2TxhA" setDescriptorRef="_xvyfMD7qEfGCvs4hR2TxhA">
        <expression>T_CUSTOMER.TIT_CODE</expression>
      </expression>
    </field>
    <field id="_xKL3wD7qEfGCvs4hR2TxhA" name="DIS_MAX" ref="resource.md#_Vgb2RT7nEfGCvs4hR2TxhA?fileId=_buPYkAGqEfG7UuvkN5pRZQ$type=md$name=DIS_MAX?">
      <expression id="_xvzGQj7qEfGCvs4hR2TxhA" setDescriptorRef="_xvyfMD7qEfGCvs4hR2TxhA">
        <expression></expression>
      </expression>
    </field>
    <constraint id="_xKNs8D7qEfGCvs4hR2TxhA" name="PK_DIM_DISCOUNT" ref="resource.md#_Vgb2TT7nEfGCvs4hR2TxhA?fileId=_buPYkAGqEfG7UuvkN5pRZQ$type=md$name=PK_DIM_DISCOUNT?" reject="true"/>
    <setDescriptor id="_xvyfMD7qEfGCvs4hR2TxhA" label="A"/>
  </datastore>
  <join id="_KiNh4D7pEfGCvs4hR2TxhA" location="SRC" joinType="Left_Join" left="_KJjKQD7pEfGCvs4hR2TxhA" order="10" right="_Jq5fYD7pEfGCvs4hR2TxhA">
    <expression>T_CUSTOMER.CUS_ID = T_PHONE.CUS_ID</expression>
  </join>
  <join id="_K9jaED7pEfGCvs4hR2TxhA" location="SRC" left="_Jq5fYD7pEfGCvs4hR2TxhA" order="30" right="_J5RSkD7pEfGCvs4hR2TxhA">
    <expression>T_PHONE.PHT_CODE = T_PHONE_TYPE.PHT_CODE</expression>
  </join>
  <join id="_McJfAD7pEfGCvs4hR2TxhA" location="SRC" joinType="Left_Join" left="_KJjKQD7pEfGCvs4hR2TxhA" order="50" right="_MEZGUD7pEfGCvs4hR2TxhA">
    <expression>T_CUSTOMER.CUS_ID = T_EMAIL.CUS_ID</expression>
  </join>
  <join id="_NUA7ID7pEfGCvs4hR2TxhA" location="SRC" left="_MvvwcD7pEfGCvs4hR2TxhA" order="70" right="_NCmbAD7pEfGCvs4hR2TxhA">
    <expression>T_BILLING.BIL_ID = T_BILLING_LINES.BIL_ID</expression>
  </join>
  <join id="_NwXf8D7pEfGCvs4hR2TxhA" location="SRC" joinType="Left_Join" left="_KJjKQD7pEfGCvs4hR2TxhA" order="90" right="_MvvwcD7pEfGCvs4hR2TxhA">
    <expression>T_CUSTOMER.CUS_ID = T_BILLING.CUS_ID</expression>
  </join>
  <join id="_wqDmMD7qEfGCvs4hR2TxhA" location="SRC" left="_v6fKcD7qEfGCvs4hR2TxhA" order="110" right="_KJjKQD7pEfGCvs4hR2TxhA">
    <expression>T_BEDROOM.BDR_ID = T_CUSTOMER.CUS_ID</expression>
  </join>
  <template id="_QtyTUD7pEfGCvs4hR2TxhA" name="I_DIM_CUSTOMER" process="resource.proc#_HFOfdjEZEd-WZe6cNi2k2w?fileId=_HFOfdjEZEd-WZe6cNi2k2w$type=proc$name=INTEGRATION%20Hsql?" targetId="_QLdCUD7pEfGCvs4hR2TxhA"/>
  <template id="_Qu67wD7pEfGCvs4hR2TxhA" name="L1_DIM_CUSTOMER_DIM_DISCOUNT" process="resource.proc#_aafbe681-11ab-4ebc-ab56-de794128c580?fileId=_aafbe681-11ab-4ebc-ab56-de794128c580$type=proc$name=LOAD%20Rdbms%20to%20Rdbms?" sourceId="_Jq5fYD7pEfGCvs4hR2TxhA _KJjKQD7pEfGCvs4hR2TxhA _J5RSkD7pEfGCvs4hR2TxhA _MEZGUD7pEfGCvs4hR2TxhA _MvvwcD7pEfGCvs4hR2TxhA _NCmbAD7pEfGCvs4hR2TxhA _v6fKcD7qEfGCvs4hR2TxhA" targetId="_QLdCUD7pEfGCvs4hR2TxhA _xKINYD7qEfGCvs4hR2TxhA"/>
  <template id="_xv9eUD7qEfGCvs4hR2TxhA" name="I_DIM_DISCOUNT" process="resource.proc#_HFOfdjEZEd-WZe6cNi2k2w?fileId=_HFOfdjEZEd-WZe6cNi2k2w$type=proc$name=INTEGRATION%20Hsql?" targetId="_xKINYD7qEfGCvs4hR2TxhA"/>
  <dataSet id="_JrEegD7pEfGCvs4hR2TxhA">
    <container>_Jq5fYD7pEfGCvs4hR2TxhA</container>
    <container>_KJjKQD7pEfGCvs4hR2TxhA</container>
    <container>_J5RSkD7pEfGCvs4hR2TxhA</container>
    <container>_MEZGUD7pEfGCvs4hR2TxhA</container>
    <container>_NCmbAD7pEfGCvs4hR2TxhA</container>
    <container>_MvvwcD7pEfGCvs4hR2TxhA</container>
    <container>_v6fKcD7qEfGCvs4hR2TxhA</container>
  </dataSet>
  <dataSet id="_QLllMD7pEfGCvs4hR2TxhA">
    <container>_QLdCUD7pEfGCvs4hR2TxhA</container>
  </dataSet>
  <dataSet id="_xKO7ED7qEfGCvs4hR2TxhA">
    <container>_xKINYD7qEfGCvs4hR2TxhA</container>
  </dataSet>
  <hint>
    <usedField>#_JrA0ID7pEfGCvs4hR2TxhA</usedField>
    <usedField>#_JrANED7pEfGCvs4hR2TxhA</usedField>
    <usedField>#_J5R5oD7pEfGCvs4hR2TxhA</usedField>
    <usedField>#_J5RSkj7pEfGCvs4hR2TxhA</usedField>
    <usedField>#_KJmNkD7pEfGCvs4hR2TxhA</usedField>
    <usedField>#_KJkYYD7pEfGCvs4hR2TxhA</usedField>
    <usedField>#_MEdXwD7pEfGCvs4hR2TxhA</usedField>
    <usedField>#_MEbikD7pEfGCvs4hR2TxhA</usedField>
    <usedField>#_MvyMsD7pEfGCvs4hR2TxhA</usedField>
    <usedField>#_Mvza0D7pEfGCvs4hR2TxhA</usedField>
    <usedField>#_NCo3QD7pEfGCvs4hR2TxhA</usedField>
    <usedField>#_NCshoD7pEfGCvs4hR2TxhA</usedField>
    <usedField>#_v6jb4T7qEfGCvs4hR2TxhA</usedField>
  </hint>
  <diagram><![CDATA[<?xml version="1.0" encoding="UTF-8"?>
<notation:Diagram xmi:version="2.0" xmlns:xmi="http://www.omg.org/XMI" xmlns:xsi="http://www.w3.org/2001/XMLSchema-instance" xmlns:map="http://www.indy.com/v2/map" xmlns:notation="http://www.eclipse.org/gmf/runtime/1.0.1/notation" xsi:schemaLocation="http://www.eclipse.org/gmf/runtime/1.0.1/notation " xmi:id="_sndZ4EK3EfCUOZaSvDz28w" type="Map" measurementUnit="Pixel">
  <children xmi:type="notation:Node" xmi:id="_Klth0D7pEfGCvs4hR2TxhA" type="2005">
    <styles xmi:type="notation:DescriptionStyle" xmi:id="_Klth0T7pEfGCvs4hR2TxhA"/>
    <styles xmi:type="notation:FontStyle" xmi:id="_Klth0j7pEfGCvs4hR2TxhA" fontName="Segoe UI"/>
    <styles xmi:type="notation:FillStyle" xmi:id="_Klth0z7pEfGCvs4hR2TxhA"/>
    <element xmi:type="map:Join" href="resource.map#_KiNh4D7pEfGCvs4hR2TxhA?fileId=_-HunMEj3Ee-rxcUE0wMtag$type=map?"/>
    <layoutConstraint xmi:type="notation:Bounds" xmi:id="_Klth1D7pEfGCvs4hR2TxhA" x="249" y="155"/>
  </children>
  <children xmi:type="notation:Node" xmi:id="_K-DwYD7pEfGCvs4hR2TxhA" type="2005">
    <styles xmi:type="notation:DescriptionStyle" xmi:id="_K-DwYT7pEfGCvs4hR2TxhA"/>
    <styles xmi:type="notation:FontStyle" xmi:id="_K-DwYj7pEfGCvs4hR2TxhA" fontName="Segoe UI"/>
    <styles xmi:type="notation:FillStyle" xmi:id="_K-DwYz7pEfGCvs4hR2TxhA"/>
    <element xmi:type="map:Join" href="resource.map#_K9jaED7pEfGCvs4hR2TxhA?fileId=_-HunMEj3Ee-rxcUE0wMtag$type=map?"/>
    <layoutConstraint xmi:type="notation:Bounds" xmi:id="_K-DwZD7pEfGCvs4hR2TxhA" x="580" y="79"/>
  </children>
  <children xmi:type="notation:Node" xmi:id="_McvU4D7pEfGCvs4hR2TxhA" type="2005">
    <styles xmi:type="notation:DescriptionStyle" xmi:id="_McvU4T7pEfGCvs4hR2TxhA"/>
    <styles xmi:type="notation:FontStyle" xmi:id="_McvU4j7pEfGCvs4hR2TxhA" fontName="Segoe UI"/>
    <styles xmi:type="notation:FillStyle" xmi:id="_McvU4z7pEfGCvs4hR2TxhA"/>
    <element xmi:type="map:Join" href="resource.map#_McJfAD7pEfGCvs4hR2TxhA?fileId=_-HunMEj3Ee-rxcUE0wMtag$type=map?"/>
    <layoutConstraint xmi:type="notation:Bounds" xmi:id="_McvU5D7pEfGCvs4hR2TxhA" x="249" y="230"/>
  </children>
  <children xmi:type="notation:Node" xmi:id="_NUp0UD7pEfGCvs4hR2TxhA" type="2005">
    <styles xmi:type="notation:DescriptionStyle" xmi:id="_NUp0UT7pEfGCvs4hR2TxhA"/>
    <styles xmi:type="notation:FontStyle" xmi:id="_NUp0Uj7pEfGCvs4hR2TxhA" fontName="Segoe UI"/>
    <styles xmi:type="notation:FillStyle" xmi:id="_NUp0Uz7pEfGCvs4hR2TxhA"/>
    <element xmi:type="map:Join" href="resource.map#_NUA7ID7pEfGCvs4hR2TxhA?fileId=_-HunMEj3Ee-rxcUE0wMtag$type=map?"/>
    <layoutConstraint xmi:type="notation:Bounds" xmi:id="_NUp0VD7pEfGCvs4hR2TxhA" x="580" y="381"/>
  </children>
  <children xmi:type="notation:Node" xmi:id="_Nw-j8D7pEfGCvs4hR2TxhA" type="2005">
    <styles xmi:type="notation:DescriptionStyle" xmi:id="_Nw-j8T7pEfGCvs4hR2TxhA"/>
    <styles xmi:type="notation:FontStyle" xmi:id="_Nw-j8j7pEfGCvs4hR2TxhA" fontName="Segoe UI"/>
    <styles xmi:type="notation:FillStyle" xmi:id="_Nw-j8z7pEfGCvs4hR2TxhA"/>
    <element xmi:type="map:Join" href="resource.map#_NwXf8D7pEfGCvs4hR2TxhA?fileId=_-HunMEj3Ee-rxcUE0wMtag$type=map?"/>
    <layoutConstraint xmi:type="notation:Bounds" xmi:id="_Nw-j9D7pEfGCvs4hR2TxhA" x="249" y="305"/>
  </children>
  <children xmi:type="notation:Shape" xmi:id="_J5VkAD7pEfGCvs4hR2TxhA" type="2004" fontName="Segoe UI">
    <children xmi:type="notation:DecorationNode" xmi:id="_J5VkAj7pEfGCvs4hR2TxhA" type="5005"/>
    <children xmi:type="notation:DecorationNode" xmi:id="_J5VkAz7pEfGCvs4hR2TxhA" type="5007"/>
    <children xmi:type="notation:DecorationNode" xmi:id="_J5VkBD7pEfGCvs4hR2TxhA" type="7003"/>
    <children xmi:type="notation:DecorationNode" xmi:id="_J5VkBT7pEfGCvs4hR2TxhA" type="7009"/>
    <children xmi:type="notation:BasicCompartment" xmi:id="_J5VkBj7pEfGCvs4hR2TxhA" type="7004">
      <styles xmi:type="notation:SortingStyle" xmi:id="_J5VkBz7pEfGCvs4hR2TxhA"/>
      <styles xmi:type="notation:FilteringStyle" xmi:id="_J5VkCD7pEfGCvs4hR2TxhA"/>
    </children>
    <children xmi:type="notation:DecorationNode" xmi:id="_J5VkCT7pEfGCvs4hR2TxhA" type="5009">
      <styles xmi:type="notation:DrawerStyle" xmi:id="_J5VkCj7pEfGCvs4hR2TxhA"/>
    </children>
    <children xmi:type="notation:DecorationNode" xmi:id="_J5VkCz7pEfGCvs4hR2TxhA" type="7005">
      <styles xmi:type="notation:SortingStyle" xmi:id="_J5VkDD7pEfGCvs4hR2TxhA"/>
      <styles xmi:type="notation:FilteringStyle" xmi:id="_J5VkDT7pEfGCvs4hR2TxhA"/>
    </children>
    <children xmi:type="notation:BasicCompartment" xmi:id="_J5VkDj7pEfGCvs4hR2TxhA" type="7007"/>
    <element xmi:type="map:Datastore" href="resource.map#_J5RSkD7pEfGCvs4hR2TxhA?fileId=_-HunMEj3Ee-rxcUE0wMtag$type=map?"/>
    <layoutConstraint xmi:type="notation:Bounds" xmi:id="_J5VkAT7pEfGCvs4hR2TxhA" x="646" y="56"/>
  </children>
  <children xmi:type="notation:Shape" xmi:id="_JrHh0D7pEfGCvs4hR2TxhA" type="2004" fontName="Segoe UI">
    <children xmi:type="notation:DecorationNode" xmi:id="_JrII4D7pEfGCvs4hR2TxhA" type="5005"/>
    <children xmi:type="notation:DecorationNode" xmi:id="_JrII4T7pEfGCvs4hR2TxhA" type="5007"/>
    <children xmi:type="notation:DecorationNode" xmi:id="_JrII4j7pEfGCvs4hR2TxhA" type="7003"/>
    <children xmi:type="notation:DecorationNode" xmi:id="_JrII4z7pEfGCvs4hR2TxhA" type="7009"/>
    <children xmi:type="notation:BasicCompartment" xmi:id="_JrII5D7pEfGCvs4hR2TxhA" type="7004">
      <styles xmi:type="notation:SortingStyle" xmi:id="_JrII5T7pEfGCvs4hR2TxhA"/>
      <styles xmi:type="notation:FilteringStyle" xmi:id="_JrII5j7pEfGCvs4hR2TxhA"/>
    </children>
    <children xmi:type="notation:DecorationNode" xmi:id="_JrII5z7pEfGCvs4hR2TxhA" type="5009">
      <styles xmi:type="notation:DrawerStyle" xmi:id="_JrII6D7pEfGCvs4hR2TxhA"/>
    </children>
    <children xmi:type="notation:DecorationNode" xmi:id="_JrII6T7pEfGCvs4hR2TxhA" type="7005">
      <styles xmi:type="notation:SortingStyle" xmi:id="_JrII6j7pEfGCvs4hR2TxhA"/>
      <styles xmi:type="notation:FilteringStyle" xmi:id="_JrII6z7pEfGCvs4hR2TxhA"/>
    </children>
    <children xmi:type="notation:BasicCompartment" xmi:id="_JrII7D7pEfGCvs4hR2TxhA" type="7007"/>
    <element xmi:type="map:Datastore" href="resource.map#_Jq5fYD7pEfGCvs4hR2TxhA?fileId=_-HunMEj3Ee-rxcUE0wMtag$type=map?"/>
    <layoutConstraint xmi:type="notation:Bounds" xmi:id="_JrHh0T7pEfGCvs4hR2TxhA" x="315" y="32"/>
  </children>
  <children xmi:type="notation:Shape" xmi:id="_MExg0D7pEfGCvs4hR2TxhA" type="2004" fontName="Segoe UI">
    <children xmi:type="notation:DecorationNode" xmi:id="_MEyH4D7pEfGCvs4hR2TxhA" type="5005"/>
    <children xmi:type="notation:DecorationNode" xmi:id="_MEyH4T7pEfGCvs4hR2TxhA" type="5007"/>
    <children xmi:type="notation:DecorationNode" xmi:id="_MEyH4j7pEfGCvs4hR2TxhA" type="7003"/>
    <children xmi:type="notation:DecorationNode" xmi:id="_MEyu8D7pEfGCvs4hR2TxhA" type="7009"/>
    <children xmi:type="notation:BasicCompartment" xmi:id="_MEyu8T7pEfGCvs4hR2TxhA" type="7004">
      <styles xmi:type="notation:SortingStyle" xmi:id="_MEyu8j7pEfGCvs4hR2TxhA"/>
      <styles xmi:type="notation:FilteringStyle" xmi:id="_MEyu8z7pEfGCvs4hR2TxhA"/>
    </children>
    <children xmi:type="notation:DecorationNode" xmi:id="_MEyu9D7pEfGCvs4hR2TxhA" type="5009">
      <styles xmi:type="notation:DrawerStyle" xmi:id="_MEyu9T7pEfGCvs4hR2TxhA"/>
    </children>
    <children xmi:type="notation:DecorationNode" xmi:id="_MEyu9j7pEfGCvs4hR2TxhA" type="7005">
      <styles xmi:type="notation:SortingStyle" xmi:id="_MEyu9z7pEfGCvs4hR2TxhA"/>
      <styles xmi:type="notation:FilteringStyle" xmi:id="_MEyu-D7pEfGCvs4hR2TxhA"/>
    </children>
    <children xmi:type="notation:BasicCompartment" xmi:id="_MEyu-T7pEfGCvs4hR2TxhA" type="7007"/>
    <element xmi:type="map:Datastore" href="resource.map#_MEZGUD7pEfGCvs4hR2TxhA?fileId=_-HunMEj3Ee-rxcUE0wMtag$type=map?"/>
    <layoutConstraint xmi:type="notation:Bounds" xmi:id="_MExg0T7pEfGCvs4hR2TxhA" x="315" y="183"/>
  </children>
  <children xmi:type="notation:Shape" xmi:id="_MwQt0D7pEfGCvs4hR2TxhA" type="2004" fontName="Segoe UI">
    <children xmi:type="notation:DecorationNode" xmi:id="_MwRU4D7pEfGCvs4hR2TxhA" type="5005"/>
    <children xmi:type="notation:DecorationNode" xmi:id="_MwRU4T7pEfGCvs4hR2TxhA" type="5007"/>
    <children xmi:type="notation:DecorationNode" xmi:id="_MwRU4j7pEfGCvs4hR2TxhA" type="7003"/>
    <children xmi:type="notation:DecorationNode" xmi:id="_MwRU4z7pEfGCvs4hR2TxhA" type="7009"/>
    <children xmi:type="notation:BasicCompartment" xmi:id="_MwRU5D7pEfGCvs4hR2TxhA" type="7004">
      <styles xmi:type="notation:SortingStyle" xmi:id="_MwRU5T7pEfGCvs4hR2TxhA"/>
      <styles xmi:type="notation:FilteringStyle" xmi:id="_MwRU5j7pEfGCvs4hR2TxhA"/>
    </children>
    <children xmi:type="notation:DecorationNode" xmi:id="_MwRU5z7pEfGCvs4hR2TxhA" type="5009">
      <styles xmi:type="notation:DrawerStyle" xmi:id="_MwRU6D7pEfGCvs4hR2TxhA"/>
    </children>
    <children xmi:type="notation:DecorationNode" xmi:id="_MwRU6T7pEfGCvs4hR2TxhA" type="7005">
      <styles xmi:type="notation:SortingStyle" xmi:id="_MwRU6j7pEfGCvs4hR2TxhA"/>
      <styles xmi:type="notation:FilteringStyle" xmi:id="_MwRU6z7pEfGCvs4hR2TxhA"/>
    </children>
    <children xmi:type="notation:BasicCompartment" xmi:id="_MwRU7D7pEfGCvs4hR2TxhA" type="7007"/>
    <element xmi:type="map:Datastore" href="resource.map#_MvvwcD7pEfGCvs4hR2TxhA?fileId=_-HunMEj3Ee-rxcUE0wMtag$type=map?"/>
    <layoutConstraint xmi:type="notation:Bounds" xmi:id="_MwQt0T7pEfGCvs4hR2TxhA" x="315" y="334"/>
  </children>
  <children xmi:type="notation:Shape" xmi:id="_KJxzwD7pEfGCvs4hR2TxhA" type="2004" fontName="Segoe UI">
    <children xmi:type="notation:DecorationNode" xmi:id="_KJxzwj7pEfGCvs4hR2TxhA" type="5005"/>
    <children xmi:type="notation:DecorationNode" xmi:id="_KJxzwz7pEfGCvs4hR2TxhA" type="5007"/>
    <children xmi:type="notation:DecorationNode" xmi:id="_KJxzxD7pEfGCvs4hR2TxhA" type="7003"/>
    <children xmi:type="notation:DecorationNode" xmi:id="_KJxzxT7pEfGCvs4hR2TxhA" type="7009"/>
    <children xmi:type="notation:BasicCompartment" xmi:id="_KJxzxj7pEfGCvs4hR2TxhA" type="7004">
      <styles xmi:type="notation:SortingStyle" xmi:id="_KJxzxz7pEfGCvs4hR2TxhA"/>
      <styles xmi:type="notation:FilteringStyle" xmi:id="_KJxzyD7pEfGCvs4hR2TxhA"/>
    </children>
    <children xmi:type="notation:DecorationNode" xmi:id="_KJxzyT7pEfGCvs4hR2TxhA" type="5009">
      <styles xmi:type="notation:DrawerStyle" xmi:id="_KJxzyj7pEfGCvs4hR2TxhA"/>
    </children>
    <children xmi:type="notation:DecorationNode" xmi:id="_KJxzyz7pEfGCvs4hR2TxhA" type="7005">
      <styles xmi:type="notation:SortingStyle" xmi:id="_KJxzzD7pEfGCvs4hR2TxhA"/>
      <styles xmi:type="notation:FilteringStyle" xmi:id="_KJxzzT7pEfGCvs4hR2TxhA"/>
    </children>
    <children xmi:type="notation:BasicCompartment" xmi:id="_KJxzzj7pEfGCvs4hR2TxhA" type="7007"/>
    <element xmi:type="map:Datastore" href="resource.map#_KJjKQD7pEfGCvs4hR2TxhA?fileId=_-HunMEj3Ee-rxcUE0wMtag$type=map?"/>
    <layoutConstraint xmi:type="notation:Bounds" xmi:id="_KJxzwT7pEfGCvs4hR2TxhA" x="32" y="175"/>
  </children>
  <children xmi:type="notation:Shape" xmi:id="_NDBRwD7pEfGCvs4hR2TxhA" type="2004" fontName="Segoe UI">
    <children xmi:type="notation:DecorationNode" xmi:id="_NDB40D7pEfGCvs4hR2TxhA" type="5005"/>
    <children xmi:type="notation:DecorationNode" xmi:id="_NDB40T7pEfGCvs4hR2TxhA" type="5007"/>
    <children xmi:type="notation:DecorationNode" xmi:id="_NDB40j7pEfGCvs4hR2TxhA" type="7003"/>
    <children xmi:type="notation:DecorationNode" xmi:id="_NDB40z7pEfGCvs4hR2TxhA" type="7009"/>
    <children xmi:type="notation:BasicCompartment" xmi:id="_NDB41D7pEfGCvs4hR2TxhA" type="7004">
      <styles xmi:type="notation:SortingStyle" xmi:id="_NDB41T7pEfGCvs4hR2TxhA"/>
      <styles xmi:type="notation:FilteringStyle" xmi:id="_NDB41j7pEfGCvs4hR2TxhA"/>
    </children>
    <children xmi:type="notation:DecorationNode" xmi:id="_NDB41z7pEfGCvs4hR2TxhA" type="5009">
      <styles xmi:type="notation:DrawerStyle" xmi:id="_NDB42D7pEfGCvs4hR2TxhA"/>
    </children>
    <children xmi:type="notation:DecorationNode" xmi:id="_NDB42T7pEfGCvs4hR2TxhA" type="7005">
      <styles xmi:type="notation:SortingStyle" xmi:id="_NDB42j7pEfGCvs4hR2TxhA"/>
      <styles xmi:type="notation:FilteringStyle" xmi:id="_NDB42z7pEfGCvs4hR2TxhA"/>
    </children>
    <children xmi:type="notation:BasicCompartment" xmi:id="_NDB43D7pEfGCvs4hR2TxhA" type="7007"/>
    <element xmi:type="map:Datastore" href="resource.map#_NCmbAD7pEfGCvs4hR2TxhA?fileId=_-HunMEj3Ee-rxcUE0wMtag$type=map?"/>
    <layoutConstraint xmi:type="notation:Bounds" xmi:id="_NDBRwT7pEfGCvs4hR2TxhA" x="646" y="310"/>
  </children>
  <children xmi:type="notation:Shape" xmi:id="_QL6VUD7pEfGCvs4hR2TxhA" type="2004" fontName="Segoe UI">
    <children xmi:type="notation:DecorationNode" xmi:id="_QL6VUj7pEfGCvs4hR2TxhA" type="5005"/>
    <children xmi:type="notation:DecorationNode" xmi:id="_QL6VUz7pEfGCvs4hR2TxhA" type="5007"/>
    <children xmi:type="notation:DecorationNode" xmi:id="_QL6VVD7pEfGCvs4hR2TxhA" type="7003"/>
    <children xmi:type="notation:DecorationNode" xmi:id="_QL6VVT7pEfGCvs4hR2TxhA" type="7009"/>
    <children xmi:type="notation:BasicCompartment" xmi:id="_QL6VVj7pEfGCvs4hR2TxhA" type="7004">
      <styles xmi:type="notation:SortingStyle" xmi:id="_QL6VVz7pEfGCvs4hR2TxhA"/>
      <styles xmi:type="notation:FilteringStyle" xmi:id="_QL6VWD7pEfGCvs4hR2TxhA"/>
    </children>
    <children xmi:type="notation:DecorationNode" xmi:id="_QL6VWT7pEfGCvs4hR2TxhA" type="5009">
      <styles xmi:type="notation:DrawerStyle" xmi:id="_QL6VWj7pEfGCvs4hR2TxhA"/>
    </children>
    <children xmi:type="notation:DecorationNode" xmi:id="_QL6VWz7pEfGCvs4hR2TxhA" type="7005">
      <styles xmi:type="notation:SortingStyle" xmi:id="_QL6VXD7pEfGCvs4hR2TxhA"/>
      <styles xmi:type="notation:FilteringStyle" xmi:id="_QL6VXT7pEfGCvs4hR2TxhA"/>
    </children>
    <children xmi:type="notation:BasicCompartment" xmi:id="_QL6VXj7pEfGCvs4hR2TxhA" type="7007"/>
    <element xmi:type="map:Datastore" href="resource.map#_QLdCUD7pEfGCvs4hR2TxhA?fileId=_-HunMEj3Ee-rxcUE0wMtag$type=map?"/>
    <layoutConstraint xmi:type="notation:Bounds" xmi:id="_QL6VUT7pEfGCvs4hR2TxhA" x="991" y="134"/>
  </children>
  <children xmi:type="notation:Shape" xmi:id="_v7l9sD7qEfGCvs4hR2TxhA" type="2004" fontName="Segoe UI">
    <children xmi:type="notation:DecorationNode" xmi:id="_v7l9sj7qEfGCvs4hR2TxhA" type="5005"/>
    <children xmi:type="notation:DecorationNode" xmi:id="_v7l9sz7qEfGCvs4hR2TxhA" type="5007"/>
    <children xmi:type="notation:DecorationNode" xmi:id="_v7l9tD7qEfGCvs4hR2TxhA" type="7003"/>
    <children xmi:type="notation:DecorationNode" xmi:id="_v7l9tT7qEfGCvs4hR2TxhA" type="7009"/>
    <children xmi:type="notation:BasicCompartment" xmi:id="_v7l9tj7qEfGCvs4hR2TxhA" type="7004">
      <styles xmi:type="notation:SortingStyle" xmi:id="_v7l9tz7qEfGCvs4hR2TxhA"/>
      <styles xmi:type="notation:FilteringStyle" xmi:id="_v7l9uD7qEfGCvs4hR2TxhA"/>
    </children>
    <children xmi:type="notation:DecorationNode" xmi:id="_v7l9uT7qEfGCvs4hR2TxhA" type="5009">
      <styles xmi:type="notation:DrawerStyle" xmi:id="_v7l9uj7qEfGCvs4hR2TxhA"/>
    </children>
    <children xmi:type="notation:DecorationNode" xmi:id="_v7l9uz7qEfGCvs4hR2TxhA" type="7005">
      <styles xmi:type="notation:SortingStyle" xmi:id="_v7l9vD7qEfGCvs4hR2TxhA"/>
      <styles xmi:type="notation:FilteringStyle" xmi:id="_v7l9vT7qEfGCvs4hR2TxhA"/>
    </children>
    <children xmi:type="notation:BasicCompartment" xmi:id="_v7l9vj7qEfGCvs4hR2TxhA" type="7007"/>
    <element xmi:type="map:Datastore" href="resource.map#_v6fKcD7qEfGCvs4hR2TxhA?fileId=_-HunMEj3Ee-rxcUE0wMtag$type=map?"/>
    <layoutConstraint xmi:type="notation:Bounds" xmi:id="_v7l9sT7qEfGCvs4hR2TxhA" x="81" y="445"/>
  </children>
  <children xmi:type="notation:Node" xmi:id="_wq7I4D7qEfGCvs4hR2TxhA" type="2005">
    <styles xmi:type="notation:DescriptionStyle" xmi:id="_wq7I4T7qEfGCvs4hR2TxhA"/>
    <styles xmi:type="notation:FontStyle" xmi:id="_wq7I4j7qEfGCvs4hR2TxhA" fontName="Segoe UI"/>
    <styles xmi:type="notation:FillStyle" xmi:id="_wq7I4z7qEfGCvs4hR2TxhA"/>
    <element xmi:type="map:Join" href="resource.map#_wqDmMD7qEfGCvs4hR2TxhA?fileId=_-HunMEj3Ee-rxcUE0wMtag$type=map?"/>
    <layoutConstraint xmi:type="notation:Bounds" xmi:id="_wq7I5D7qEfGCvs4hR2TxhA" x="26" y="352"/>
  </children>
  <children xmi:type="notation:Shape" xmi:id="_xKy7wD7qEfGCvs4hR2TxhA" type="2004" fontName="Segoe UI">
    <children xmi:type="notation:DecorationNode" xmi:id="_xKy7wj7qEfGCvs4hR2TxhA" type="5005"/>
    <children xmi:type="notation:DecorationNode" xmi:id="_xKy7wz7qEfGCvs4hR2TxhA" type="5007"/>
    <children xmi:type="notation:DecorationNode" xmi:id="_xKy7xD7qEfGCvs4hR2TxhA" type="7003"/>
    <children xmi:type="notation:DecorationNode" xmi:id="_xKy7xT7qEfGCvs4hR2TxhA" type="7009"/>
    <children xmi:type="notation:BasicCompartment" xmi:id="_xKy7xj7qEfGCvs4hR2TxhA" type="7004">
      <styles xmi:type="notation:SortingStyle" xmi:id="_xKy7xz7qEfGCvs4hR2TxhA"/>
      <styles xmi:type="notation:FilteringStyle" xmi:id="_xKy7yD7qEfGCvs4hR2TxhA"/>
    </children>
    <children xmi:type="notation:DecorationNode" xmi:id="_xKy7yT7qEfGCvs4hR2TxhA" type="5009">
      <styles xmi:type="notation:DrawerStyle" xmi:id="_xKy7yj7qEfGCvs4hR2TxhA"/>
    </children>
    <children xmi:type="notation:DecorationNode" xmi:id="_xKy7yz7qEfGCvs4hR2TxhA" type="7005">
      <styles xmi:type="notation:SortingStyle" xmi:id="_xKy7zD7qEfGCvs4hR2TxhA"/>
      <styles xmi:type="notation:FilteringStyle" xmi:id="_xKy7zT7qEfGCvs4hR2TxhA"/>
    </children>
    <children xmi:type="notation:BasicCompartment" xmi:id="_xKy7zj7qEfGCvs4hR2TxhA" type="7007"/>
    <element xmi:type="map:Datastore" href="resource.map#_xKINYD7qEfGCvs4hR2TxhA?fileId=_-HunMEj3Ee-rxcUE0wMtag$type=map?"/>
    <layoutConstraint xmi:type="notation:Bounds" xmi:id="_xKy7wT7qEfGCvs4hR2TxhA" x="1016" y="340"/>
  </children>
  <styles xmi:type="notation:DiagramStyle" xmi:id="_sndZ4UK3EfCUOZaSvDz28w"/>
  <element xmi:type="map:Map" href="resource.map#_-HunMEj3Ee-rxcUE0wMtag?fileId=_-HunMEj3Ee-rxcUE0wMtag$type=map$name=test?"/>
  <edges xmi:type="notation:Edge" xmi:id="_KmEuMD7pEfGCvs4hR2TxhA" type="joinLink" source="_Klth0D7pEfGCvs4hR2TxhA" target="_KJxzwD7pEfGCvs4hR2TxhA">
    <element xsi:nil="true"/>
    <bendpoints xmi:type="notation:RelativeBendpoints" xmi:id="_KmEuMT7pEfGCvs4hR2TxhA" points="[-17, 4, 108, -56]$[-125, 60, 0, 0]"/>
  </edges>
  <edges xmi:type="notation:Edge" xmi:id="_KmFVQD7pEfGCvs4hR2TxhA" type="joinLink" source="_Klth0D7pEfGCvs4hR2TxhA" target="_JrHh0D7pEfGCvs4hR2TxhA">
    <element xsi:nil="true"/>
    <bendpoints xmi:type="notation:RelativeBendpoints" xmi:id="_KmFVQT7pEfGCvs4hR2TxhA" points="[-17, -4, 60, 69]$[-77, -73, 0, 0]"/>
  </edges>
  <edges xmi:type="notation:Edge" xmi:id="_K-FlkD7pEfGCvs4hR2TxhA" type="joinLink" source="_K-DwYD7pEfGCvs4hR2TxhA" target="_JrHh0D7pEfGCvs4hR2TxhA">
    <element xsi:nil="true"/>
    <bendpoints xmi:type="notation:RelativeBendpoints" xmi:id="_K-FlkT7pEfGCvs4hR2TxhA" points="[-17, 4, 60, -53]$[-77, 57, 0, 0]"/>
  </edges>
  <edges xmi:type="notation:Edge" xmi:id="_K-Flkj7pEfGCvs4hR2TxhA" type="joinLink" source="_K-DwYD7pEfGCvs4hR2TxhA" target="_J5VkAD7pEfGCvs4hR2TxhA">
    <element xsi:nil="true"/>
    <bendpoints xmi:type="notation:RelativeBendpoints" xmi:id="_K-Flkz7pEfGCvs4hR2TxhA" points="[-17, -4, 141, 74]$[-158, -78, 0, 0]"/>
  </edges>
  <edges xmi:type="notation:Edge" xmi:id="_McwjAD7pEfGCvs4hR2TxhA" type="joinLink" source="_McvU4D7pEfGCvs4hR2TxhA" target="_KJxzwD7pEfGCvs4hR2TxhA">
    <element xsi:nil="true"/>
    <bendpoints xmi:type="notation:RelativeBendpoints" xmi:id="_McwjAT7pEfGCvs4hR2TxhA" points="[-17, -4, 108, 90]$[-125, -94, 0, 0]"/>
  </edges>
  <edges xmi:type="notation:Edge" xmi:id="_McwjAj7pEfGCvs4hR2TxhA" type="joinLink" source="_McvU4D7pEfGCvs4hR2TxhA" target="_MExg0D7pEfGCvs4hR2TxhA">
    <element xsi:nil="true"/>
    <bendpoints xmi:type="notation:RelativeBendpoints" xmi:id="_McwjAz7pEfGCvs4hR2TxhA" points="[-17, 4, 68, -89]$[-85, 93, 0, 0]"/>
  </edges>
  <edges xmi:type="notation:Edge" xmi:id="_NUrCcD7pEfGCvs4hR2TxhA" type="joinLink" source="_NUp0UD7pEfGCvs4hR2TxhA" target="_MwQt0D7pEfGCvs4hR2TxhA">
    <element xsi:nil="true"/>
    <bendpoints xmi:type="notation:RelativeBendpoints" xmi:id="_NUrCcT7pEfGCvs4hR2TxhA" points="[-17, -4, 124, 77]$[-141, -81, 0, 0]"/>
  </edges>
  <edges xmi:type="notation:Edge" xmi:id="_NUrCcj7pEfGCvs4hR2TxhA" type="joinLink" source="_NUp0UD7pEfGCvs4hR2TxhA" target="_NDBRwD7pEfGCvs4hR2TxhA">
    <element xsi:nil="true"/>
    <bendpoints xmi:type="notation:RelativeBendpoints" xmi:id="_NUrCcz7pEfGCvs4hR2TxhA" points="[-17, 4, 65, -98]$[-82, 102, 0, 0]"/>
  </edges>
  <edges xmi:type="notation:Edge" xmi:id="_Nw_yED7pEfGCvs4hR2TxhA" type="joinLink" source="_Nw-j8D7pEfGCvs4hR2TxhA" target="_KJxzwD7pEfGCvs4hR2TxhA">
    <element xsi:nil="true"/>
    <bendpoints xmi:type="notation:RelativeBendpoints" xmi:id="_Nw_yET7pEfGCvs4hR2TxhA" points="[-17, -4, 108, 145]$[-78, -100, 47, 49]$[-125, -149, 0, 0]"/>
  </edges>
  <edges xmi:type="notation:Edge" xmi:id="_Nw_yEj7pEfGCvs4hR2TxhA" type="joinLink" source="_Nw-j8D7pEfGCvs4hR2TxhA" target="_MwQt0D7pEfGCvs4hR2TxhA">
    <element xsi:nil="true"/>
    <bendpoints xmi:type="notation:RelativeBendpoints" xmi:id="_Nw_yEz7pEfGCvs4hR2TxhA" points="[-17, 4, 124, -159]$[-78, 108, 63, -55]$[-141, 163, 0, 0]"/>
  </edges>
  <edges xmi:type="notation:Edge" xmi:id="_QusSQD7pEfGCvs4hR2TxhA" type="targetLink" source="_QL6VUD7pEfGCvs4hR2TxhA" target="_KJxzwD7pEfGCvs4hR2TxhA">
    <element xsi:nil="true"/>
    <bendpoints xmi:type="notation:RelativeBendpoints" xmi:id="_QusSQT7pEfGCvs4hR2TxhA" points="[-87, 3, 867, -30]$[-861, 30, 93, -3]"/>
  </edges>
  <edges xmi:type="notation:Edge" xmi:id="_QuwjsD7pEfGCvs4hR2TxhA" type="targetDataSetLink" source="_QL6VUD7pEfGCvs4hR2TxhA" target="_QL6VUD7pEfGCvs4hR2TxhA">
    <element xmi:type="map:DataSet" href="resource.map#_JrEegD7pEfGCvs4hR2TxhA?fileId=_-HunMEj3Ee-rxcUE0wMtag$type=map?"/>
    <bendpoints xmi:type="notation:RelativeBendpoints" xmi:id="_QuwjsT7pEfGCvs4hR2TxhA" points="[0, 0, 0, 0]$[0, 0, 0, 0]"/>
  </edges>
  <edges xmi:type="notation:Edge" xmi:id="_Quxx0D7pEfGCvs4hR2TxhA" type="targetSetLink" source="_QL6VUD7pEfGCvs4hR2TxhA" target="_QL6VUD7pEfGCvs4hR2TxhA">
    <element xmi:type="map:SetDescriptor" href="resource.map#_QtmtID7pEfGCvs4hR2TxhA?fileId=_-HunMEj3Ee-rxcUE0wMtag$type=map?"/>
    <bendpoints xmi:type="notation:RelativeBendpoints" xmi:id="_Quxx0T7pEfGCvs4hR2TxhA" points="[0, 0, 0, 0]$[0, 0, 0, 0]"/>
  </edges>
  <edges xmi:type="notation:Edge" xmi:id="_TP7f8D7pEfGCvs4hR2TxhA" type="targetLink" source="_QL6VUD7pEfGCvs4hR2TxhA" target="_J5VkAD7pEfGCvs4hR2TxhA">
    <element xsi:nil="true"/>
    <bendpoints xmi:type="notation:RelativeBendpoints" xmi:id="_TP7f8T7pEfGCvs4hR2TxhA" points="[-136, -40, 269, 78]$[-329, -96, 76, 22]"/>
  </edges>
  <edges xmi:type="notation:Edge" xmi:id="_TwwVED7pEfGCvs4hR2TxhA" type="targetLink" source="_QL6VUD7pEfGCvs4hR2TxhA" target="_MExg0D7pEfGCvs4hR2TxhA">
    <element xsi:nil="true"/>
    <bendpoints xmi:type="notation:RelativeBendpoints" xmi:id="_TwwVET7pEfGCvs4hR2TxhA" points="[-165, 7, 564, -26]$[-616, 28, 113, -5]"/>
  </edges>
  <edges xmi:type="notation:Edge" xmi:id="_Uoo_UD7pEfGCvs4hR2TxhA" type="targetLink" source="_QL6VUD7pEfGCvs4hR2TxhA" target="_NDBRwD7pEfGCvs4hR2TxhA">
    <element xsi:nil="true"/>
    <bendpoints xmi:type="notation:RelativeBendpoints" xmi:id="_Uoo_UT7pEfGCvs4hR2TxhA" points="[-163, 76, 233, -108]$[-282, 131, 114, -53]"/>
  </edges>
  <edges xmi:type="notation:Edge" xmi:id="_wq8XAD7qEfGCvs4hR2TxhA" type="joinLink" source="_wq7I4D7qEfGCvs4hR2TxhA" target="_v7l9sD7qEfGCvs4hR2TxhA">
    <element xsi:nil="true"/>
    <bendpoints xmi:type="notation:RelativeBendpoints" xmi:id="_wq8XAT7qEfGCvs4hR2TxhA" points="[-1, -1, -187, -537]$[154, 445, -32, -91]"/>
  </edges>
  <edges xmi:type="notation:Edge" xmi:id="_wq8XAj7qEfGCvs4hR2TxhA" type="joinLink" source="_wq7I4D7qEfGCvs4hR2TxhA" target="_KJxzwD7pEfGCvs4hR2TxhA">
    <element xsi:nil="true"/>
    <bendpoints xmi:type="notation:RelativeBendpoints" xmi:id="_wq8XAz7qEfGCvs4hR2TxhA" points="[-1, -1, -125, -243]$[89, 175, -35, -67]"/>
  </edges>
  <edges xmi:type="notation:Edge" xmi:id="_xwqB4D7qEfGCvs4hR2TxhA" type="targetLink" source="_xKy7wD7qEfGCvs4hR2TxhA" target="_KJxzwD7pEfGCvs4hR2TxhA">
    <element xsi:nil="true"/>
    <bendpoints xmi:type="notation:RelativeBendpoints" xmi:id="_xwqB4T7qEfGCvs4hR2TxhA" points="[-75, -11, 892, 130]$[-874, -128, 93, 13]"/>
  </edges>
  <edges xmi:type="notation:Edge" xmi:id="_xwrQAD7qEfGCvs4hR2TxhA" type="targetDataSetLink" source="_xKy7wD7qEfGCvs4hR2TxhA" target="_xKy7wD7qEfGCvs4hR2TxhA">
    <element xmi:type="map:DataSet" href="resource.map#_JrEegD7pEfGCvs4hR2TxhA?fileId=_-HunMEj3Ee-rxcUE0wMtag$type=map?"/>
    <bendpoints xmi:type="notation:RelativeBendpoints" xmi:id="_xwrQAT7qEfGCvs4hR2TxhA" points="[0, 0, 0, 0]$[0, 0, 0, 0]"/>
  </edges>
  <edges xmi:type="notation:Edge" xmi:id="_xwrQAj7qEfGCvs4hR2TxhA" type="targetSetLink" source="_xKy7wD7qEfGCvs4hR2TxhA" target="_xKy7wD7qEfGCvs4hR2TxhA">
    <element xmi:type="map:SetDescriptor" href="resource.map#_xvyfMD7qEfGCvs4hR2TxhA?fileId=_-HunMEj3Ee-rxcUE0wMtag$type=map?"/>
    <bendpoints xmi:type="notation:RelativeBendpoints" xmi:id="_xwrQAz7qEfGCvs4hR2TxhA" points="[0, 0, 0, 0]$[0, 0, 0, 0]"/>
  </edges>
</notation:Diagram>
]]></diagram>
</map:map>